// Jest Snapshot v1, https://goo.gl/fbAQLP

exports[`DisplayQuote should render correctly 1`] = `
<DocumentFragment>
  <div
    class="wait"
    style=""
  >
     Wait a moment....
  </div>
</DocumentFragment>
`;
